// Jest Snapshot v1, https://goo.gl/fbAQLP

exports[`container tests test container snapshot 1`] = `
<View
  style={
    Object {
      "backgroundColor": "#FFFFFF",
      "display": "flex",
      "flex": 1,
      "flexDirection": "column",
      "padding": 20,
      "width": "100%",
    }
  }
>
  test
</View>
`;
